== Stage 1: composites ==
C:\Users\devil\Downloads\terrashift\lib\stac_io.py:275: RuntimeWarning: All-NaN slice encountered
  med = np.nanmedian(np.stack(stack[b]), axis=0)
  [ncr-gurugram/2019] composite ok: 12 scenes, usable px=230249/230400
  ncr-gurugram/2019: ok in 4s
  [ncr-gurugram/2021] skip S2A_43RFM_20210310_2_L2A (unusable)
  [ncr-gurugram/2021] composite ok: 11 scenes, usable px=230400/230400
  ncr-gurugram/2021: ok in 114s
  [ncr-gurugram/2026] composite ok: 12 scenes, usable px=230400/230400
  ncr-gurugram/2026: ok in 506s
  [papum-pare/2019] composite ok: 12 scenes, usable px=230381/230400
  papum-pare/2019: ok in 384s
  [papum-pare/2021] composite ok: 12 scenes, usable px=155592/230400
  papum-pare/2021: ok in 356s
  [papum-pare/2026] composite ok: 12 scenes, usable px=230400/230400
  papum-pare/2026: ok in 346s
  [jharia/2019] composite ok: 12 scenes, usable px=129600/129600
  jharia/2019: ok in 502s
  [jharia/2021] composite ok: 12 scenes, usable px=129600/129600
  jharia/2021: ok in 515s
  [jharia/2026] composite ok: 12 scenes, usable px=129600/129600
  jharia/2026: ok in 416s
== Stage 2: labels ==
  ncr-gurugram: 165411 labelled cells in 5s
  papum-pare: 200462 labelled cells in 4s
  jharia: 97023 labelled cells in 4s
== Stage 3: train/eval ==
  [model] training cells: 462896
  [model] spatial-CV acc=0.876 macro-F1=0.760 kappa=0.800
== Stage 4: predict 2019/2026 ==
  ncr-gurugram/2019: {'forest': 87900, 'grass_agri': 50095, 'bare': 70649, 'built': 19258, 'water': 2347}
  ncr-gurugram/2026: {'forest': 84759, 'grass_agri': 62320, 'bare': 64153, 'built': 16217, 'water': 2951}
  papum-pare/2019: {'forest': 82147, 'grass_agri': 63600, 'bare': 75436, 'built': 1668, 'water': 7530}
  papum-pare/2026: {'forest': 70452, 'grass_agri': 68471, 'bare': 83253, 'built': 1782, 'water': 6442}
  jharia/2019: {'forest': 14819, 'grass_agri': 46746, 'bare': 55486, 'built': 6104, 'water': 6445}
  jharia/2026: {'forest': 19517, 'grass_agri': 47831, 'bare': 38491, 'built': 15369, 'water': 8392}
== Stage 5: change products ==
Traceback (most recent call last):
  File "C:\Users\devil\Downloads\terrashift\scripts\run_pipeline.py", line 141, in <module>
    stage_products(aois)
    ^^^^^^
  File "C:\Users\devil\Downloads\terrashift\scripts\run_pipeline.py", line 136, in main
    if not args.skip_fetch:
    ^^^^^^^^^^^^^^^^^^^^
  File "C:\Users\devil\Downloads\terrashift\scripts\run_pipeline.py", line 91, in stage_products
    print(f"  {aoi.id}: missing predictions - skipped")
^^^^^^^^^^^^^^^^^^^^^^^^^^^^^^^^^^^^^^^^^
  File "C:\Users\devil\Downloads\terrashift\lib\change.py", line 87, in transition_image
    os.makedirs(os.path.dirname(out_png), os.path) if os.path.dirname(out_png) else None
    ^^^^^^^^^^^^^^^^^^^^^^^^^^^^^^^^^^^^^^^^^^^^^^
  File "<frozen os>", line 225, in makedirs
TypeError: 'module' object cannot be interpreted as an integer
